// Jest Snapshot v1, https://goo.gl/fbAQLP

exports[`<TextInput /> renders correctly 1`] = `
<form
  className="message-form"
  onSubmit={[Function]}
>
  <input
    className="message-input"
    name="text"
    type="text"
  />
  <button
    className="message-submit-button"
    type="submit"
  >
    Enter
  </button>
</form>
`;
