// Jest Snapshot v1, https://goo.gl/fbAQLP

exports[`<RoomList /> renders correctly 1`] = `
<div
  className="inactive room-list-container"
>
  <h2>
    Rooms
    <a
      href="/createRoom"
      onClick={[Function]}
    >
      <svg
        className="add-room"
        fill="currentColor"
        height="1em"
        stroke="currentColor"
        strokeWidth="0"
        style={
          Object {
            "color": undefined,
          }
        }
        viewBox="0 0 448 512"
        width="1em"
        xmlns="http://www.w3.org/2000/svg"
      >
        <path
          d="M416 208H272V64c0-17.67-14.33-32-32-32h-32c-17.67 0-32 14.33-32 32v144H32c-17.67 0-32 14.33-32 32v32c0 17.67 14.33 32 32 32h144v144c0 17.67 14.33 32 32 32h32c17.67 0 32-14.33 32-32V304h144c17.67 0 32-14.33 32-32v-32c0-17.67-14.33-32-32-32z"
        />
      </svg>
    </a>
  </h2>
  <div
    className="room-list"
  />
  <h2>
    Direct Messages
  </h2>
  <div
    className="dm-list"
  />
  <a
    className="logout"
    href="/"
    onClick={[Function]}
  >
    Logout
  </a>
</div>
`;
