// Jest Snapshot v1, https://goo.gl/fbAQLP

exports[`<App /> renders correctly 1`] = `
<div
  className="App"
>
  <nav
    className="Header"
  >
    <span
      className="logo"
    >
      <a
        href="/"
        onClick={[Function]}
      >
        messager.
      </a>
    </span>
    <span
      className="user-greeting"
    >
      greetings 
      newcomer
      !
    </span>
  </nav>
  <div
    className="landing-main"
  >
    <h1>
      Messager
    </h1>
    <h3>
      Welcome to messager, a great place to chat with friends, organize meetings, get a gaming group together, or simply share your ideas with the void
    </h3>
    <p
      className="message-button"
    >
      <a
        href="/signup"
        onClick={[Function]}
      >
        sign up
      </a>
    </p>
    <p
      className="mine message-button"
    >
      <a
        href="/login"
        onClick={[Function]}
      >
        log in
      </a>
    </p>
    <img
      alt="screen shot"
      src="screenshot.png"
    />
    <span>
      click 
      <a
        href="/"
        onClick={[Function]}
      >
        here
      </a>
       to chat anonymously
    </span>
  </div>
</div>
`;
